[run_audrey_iter] user='' is_logged_in=False
[audrey] target site: PRODUCTION
current-handle-title:  repos
Handle ID: 9549CAE68DAC351E27D9F2A0F70BCAD9 | Title: repos | URL: http://repos/NBS_Basebot/chrome-bot-profile
handles: ['9549CAE68DAC351E27D9F2A0F70BCAD9']
logging in...
Login form submitted via /html/body/div[2]/p[2]/input[1]
Logged in; portal reached.
RETRIEVE NBS PATIENT LIST:
Connecting to nbs_odse database...
cstring: DRIVER={ODBC Driver 18 for SQL Server}; SERVER=sql-dhhs-nbs-prod.som.w2k.state.me.us\NBS; DATABASE=nbs_odse; UID=nbs_rdb; PWD=rdb; TrustServerCertificate=yes
Connected to nbs_odse. Executing query...
C:\Users\caleb.jones\Repos\NBS REPOS\NBS_Basebot\audrey_files\audrey.py:100: UserWarning: pandas only supports SQLAlchemy connectable (engine/connection) or database string URI or sqlite3 DBAPI2 connection. Other DBAPI2 objects are not tested. Please consider using SQLAlchemy.
  self.patient_list = pd.read_sql_query(query, Connection)
Data recieved and database connection closed.
0it [00:00, ?it/s]Mark as Reviewed
eventid = OBS62002856ME01 and action = ['Mark as Reviewed']
1it [00:32, 32.55s/it]Mark as Reviewed
eventid = OBS62002848ME01 and action = ['Mark as Reviewed', 'Mark as Reviewed']
2it [01:05, 32.71s/it]Mark as Reviewed
eventid = OBS62002846ME01 and action = ['Mark as Reviewed', 'Mark as Reviewed', 'Mark as Reviewed']
3it [01:35, 31.34s/it]Mark as Reviewed
eventid = OBS62002844ME01 and action = ['Mark as Reviewed', 'Mark as Reviewed', 'Mark as Reviewed', 'Mark as Reviewed']
4it [02:04, 30.72s/it]